2026-05-21 23:58:30 [DEBUG] SQL - 
    select
        u1_0.id,
        u1_0.age,
        u1_0.created_at,
        u1_0.email,
        u1_0.name 
    from
        users u1_0 
    where
        u1_0.id=?
2026-05-22 00:32:06 [DEBUG] SQL - 
    insert 
    into
        users
        (age, created_at, email, name) 
    values
        (?, ?, ?, ?) 
    returning id
2026-05-22 00:34:26 [WARN ] pooling - HHH10001002: Using built-in connection pool (not intended for production use)
2026-05-22 00:34:26 [WARN ] deprecation - HHH90000025: PostgreSQLDialect does not need to be specified explicitly using 'hibernate.dialect' (remove the property setting and it will be selected by default)
2026-05-22 00:34:27 [INFO ] HibernateUtil - SessionFactory создан успешно
2026-05-22 00:34:32 [DEBUG] SQL - 
    select
        u1_0.id,
        u1_0.age,
        u1_0.created_at,
        u1_0.email,
        u1_0.name 
    from
        users u1_0 
    where
        u1_0.id=?
2026-05-22 00:34:32 [INFO ] UserDAOImpl - Получили пользователя по id: 2
2026-05-22 00:35:22 [INFO ] HibernateUtil - SessionFactory закрыт
2026-05-22 00:35:26 [WARN ] pooling - HHH10001002: Using built-in connection pool (not intended for production use)
2026-05-22 00:35:27 [WARN ] deprecation - HHH90000025: PostgreSQLDialect does not need to be specified explicitly using 'hibernate.dialect' (remove the property setting and it will be selected by default)
2026-05-22 00:35:27 [INFO ] HibernateUtil - SessionFactory создан успешно
2026-05-22 00:35:32 [DEBUG] SQL - 
    select
        u1_0.id,
        u1_0.age,
        u1_0.created_at,
        u1_0.email,
        u1_0.name 
    from
        users u1_0 
    where
        u1_0.id=?
2026-05-22 00:35:32 [INFO ] UserDAOImpl - Получили пользователя по id: 1
2026-05-22 00:35:36 [INFO ] HibernateUtil - SessionFactory закрыт
2026-05-22 00:35:47 [WARN ] pooling - HHH10001002: Using built-in connection pool (not intended for production use)
2026-05-22 00:35:47 [WARN ] deprecation - HHH90000025: PostgreSQLDialect does not need to be specified explicitly using 'hibernate.dialect' (remove the property setting and it will be selected by default)
2026-05-22 00:35:48 [INFO ] HibernateUtil - SessionFactory создан успешно
2026-05-22 00:35:52 [DEBUG] SQL - select u1_0.id,u1_0.age,u1_0.created_at,u1_0.email,u1_0.name from users u1_0 where u1_0.id=?
2026-05-22 00:35:52 [INFO ] UserDAOImpl - Получили пользователя по id: 1
2026-05-22 00:36:04 [DEBUG] SQL - select u1_0.id,u1_0.age,u1_0.created_at,u1_0.email,u1_0.name from users u1_0 where u1_0.id=?
2026-05-22 00:36:04 [INFO ] UserDAOImpl - Получили пользователя по id: 1
2026-05-22 00:36:12 [DEBUG] SQL - select u1_0.id,u1_0.age,u1_0.created_at,u1_0.email,u1_0.name from users u1_0 where u1_0.id=?
2026-05-22 00:36:12 [INFO ] UserDAOImpl - Получили пользователя по id: 1
2026-05-22 00:36:12 [DEBUG] SQL - select u1_0.id,u1_0.age,u1_0.created_at,u1_0.email,u1_0.name from users u1_0 where u1_0.id=?
2026-05-22 00:36:12 [DEBUG] SQL - update users set age=?,created_at=?,email=?,name=? where id=?
2026-05-22 00:36:12 [INFO ] UserDAOImpl - Обновили данные о пользователе org.userservice.entity.User@59e8a464
2026-05-22 00:36:17 [DEBUG] SQL - select u1_0.id,u1_0.age,u1_0.created_at,u1_0.email,u1_0.name from users u1_0
2026-05-22 00:36:17 [INFO ] UserDAOImpl - Найдено пользователей: 2
